#-----------------------------------------------------------
# Vivado v2018.3 (64-bit)
# SW Build 2405991 on Thu Dec  6 23:38:27 MST 2018
# IP Build 2404404 on Fri Dec  7 01:43:56 MST 2018
# Start of session at: Wed May 27 00:42:44 2020
# Process ID: 12352
# Current directory: D:/HW-Lab-Project/HW-Lab-Project
# Command line: vivado.exe -gui_launcher_event rodinguilauncherevent16404 D:\HW-Lab-Project\HW-Lab-Project\HW-Lab-Project.xpr
# Log file: D:/HW-Lab-Project/HW-Lab-Project/vivado.log
# Journal file: D:/HW-Lab-Project/HW-Lab-Project\vivado.jou
#-----------------------------------------------------------
start_gui
open_project D:/HW-Lab-Project/HW-Lab-Project/HW-Lab-Project.xpr
update_compile_order -fileset sources_1
save_project_as project_1 D:/HW-Lab-Project/project_1 -force
add_files -norecurse {D:/Receiver_sim/Receiver_sim/Receiver_sim.srcs/sources_1/new/transmitter.v D:/Receiver_sim/Receiver_sim/Receiver_sim.srcs/sources_1/imports/Basys_3_UART/receiver.v D:/Receiver_sim/Receiver_sim/Receiver_sim.srcs/sources_1/new/halfclock.v}
update_compile_order -fileset sources_1
